Building for debugging...
[0/3] Write sources
[1/3] Write swift-version--790FFD00C0E38EAB.txt
[3/5] Compiling Consumer Queries.swift
[4/5] Emitting module Consumer
[4/6] Write Objects.LinkFileList
[5/6] Archiving libConsumerLibrary.a
Build of product 'ConsumerLibrary' complete! (0.52s)
        1.01 real         0.83 user         0.29 sys
           121798656  maximum resident set size
                   0  average shared memory size
                   0  average unshared data size
                   0  average unshared stack size
               50375  page reclaims
                1209  page faults
                   0  swaps
                   0  block input operations
                   0  block output operations
                   0  messages sent
                   0  messages received
                   0  signals received
                  46  voluntary context switches
                 759  involuntary context switches
          1557987359  instructions retired
           410602479  cycles elapsed
            14910136  peak memory footprint
