Building for debugging...
[0/2] Write swift-version--790FFD00C0E38EAB.txt
Build of product 'ConsumerLibrary' complete! (0.13s)
        0.56 real         0.40 user         0.13 sys
            55345152  maximum resident set size
                   0  average shared memory size
                   0  average unshared data size
                   0  average unshared stack size
               30958  page reclaims
                 781  page faults
                   0  swaps
                   0  block input operations
                   0  block output operations
                   0  messages sent
                   0  messages received
                   0  signals received
                  41  voluntary context switches
                 456  involuntary context switches
          1532670085  instructions retired
           401780135  cycles elapsed
            14762656  peak memory footprint
