Building for debugging...
[0/2] Write swift-version--790FFD00C0E38EAB.txt
Build of product 'ConsumerLibrary' complete! (0.11s)
        0.52 real         0.37 user         0.12 sys
            55476224  maximum resident set size
                   0  average shared memory size
                   0  average unshared data size
                   0  average unshared stack size
               30981  page reclaims
                 781  page faults
                   0  swaps
                   0  block input operations
                   0  block output operations
                   0  messages sent
                   0  messages received
                   0  signals received
                  40  voluntary context switches
                 495  involuntary context switches
          1530622922  instructions retired
           400181122  cycles elapsed
            14877392  peak memory footprint
