Building for debugging...
[0/3] Write sources
[1/3] Write swift-version--790FFD00C0E38EAB.txt
[3/6] Emitting module Consumer
[4/6] Compiling Consumer Queries.swift
[5/6] Compiling Consumer Tables.swift
[5/7] Write Objects.LinkFileList
[6/7] Archiving libConsumerLibrary.a
Build of product 'ConsumerLibrary' complete! (0.58s)
        1.17 real         1.06 user         0.41 sys
           122011648  maximum resident set size
                   0  average shared memory size
                   0  average unshared data size
                   0  average unshared stack size
               56797  page reclaims
                1365  page faults
                   0  swaps
                   0  block input operations
                   0  block output operations
                   0  messages sent
                   0  messages received
                   0  signals received
                  49  voluntary context switches
                1067  involuntary context switches
          1565588736  instructions retired
           416067076  cycles elapsed
            14975696  peak memory footprint
