Building for debugging...
[0/3] Write sources
[1/3] Write swift-version--790FFD00C0E38EAB.txt
[3/6] Emitting module Consumer
[4/6] Compiling Consumer Queries.swift
[5/6] Compiling Consumer Tables.swift
Build of product 'ConsumerLibrary' complete! (0.71s)
        1.12 real         1.00 user         0.29 sys
           129859584  maximum resident set size
                   0  average shared memory size
                   0  average unshared data size
                   0  average unshared stack size
               55517  page reclaims
                1326  page faults
                   0  swaps
                   0  block input operations
                   0  block output operations
                   0  messages sent
                   0  messages received
                   0  signals received
                  53  voluntary context switches
                 978  involuntary context switches
          1560964451  instructions retired
           412704950  cycles elapsed
            15041256  peak memory footprint
