Building for debugging...
[0/3] Write sources
[1/3] Write swift-version--790FFD00C0E38EAB.txt
[3/5] Compiling Consumer Queries.swift
[4/5] Emitting module Consumer
[4/6] Write Objects.LinkFileList
[5/6] Archiving libConsumerLibrary.a
Build of product 'ConsumerLibrary' complete! (0.82s)
        1.41 real         0.93 user         0.34 sys
           122847232  maximum resident set size
                   0  average shared memory size
                   0  average unshared data size
                   0  average unshared stack size
               50350  page reclaims
                1209  page faults
                   0  swaps
                   0  block input operations
                   0  block output operations
                   0  messages sent
                   0  messages received
                   0  signals received
                  49  voluntary context switches
                1270  involuntary context switches
          1561751966  instructions retired
           411254475  cycles elapsed
            15221480  peak memory footprint
