Building for debugging...
[0/3] Write sources
[1/3] Write swift-version--790FFD00C0E38EAB.txt
[3/5] Emitting module Consumer
[4/5] Compiling Consumer Queries.swift
[4/6] Write Objects.LinkFileList
[5/6] Archiving libConsumerLibrary.a
Build of product 'ConsumerLibrary' complete! (2.50s)
        2.94 real         1.28 user         0.41 sys
           129695744  maximum resident set size
                   0  average shared memory size
                   0  average unshared data size
                   0  average unshared stack size
               50791  page reclaims
                1209  page faults
                   0  swaps
                   0  block input operations
                   0  block output operations
                   0  messages sent
                   0  messages received
                   0  signals received
                  96  voluntary context switches
                2321  involuntary context switches
          1563438658  instructions retired
           428136304  cycles elapsed
            15319784  peak memory footprint
