[0/1] Planning build
Building for debugging...
[0/3] Write sources
[1/3] Write swift-version--790FFD00C0E38EAB.txt
[3/6] Emitting module Consumer
[4/6] Compiling Consumer Queries.swift
[5/6] Compiling Consumer Tables.swift
Build of product 'ConsumerLibrary' complete! (0.64s)
        1.14 real         0.89 user         0.40 sys
           122175488  maximum resident set size
                   0  average shared memory size
                   0  average unshared data size
                   0  average unshared stack size
               54977  page reclaims
                1326  page faults
                   0  swaps
                   0  block input operations
                   0  block output operations
                   0  messages sent
                   0  messages received
                   0  signals received
                1168  voluntary context switches
                2868  involuntary context switches
          1623516674  instructions retired
           461586742  cycles elapsed
            15221456  peak memory footprint
