Building for debugging...
[0/3] Write sources
[1/3] Write swift-version--790FFD00C0E38EAB.txt
[3/6] Compiling Consumer Queries.swift
[4/6] Compiling Consumer Tables.swift
[5/6] Emitting module Consumer
[5/7] Write Objects.LinkFileList
[6/7] Archiving libConsumerLibrary.a
Build of product 'ConsumerLibrary' complete! (0.39s)
        0.80 real         0.73 user         0.27 sys
           122388480  maximum resident set size
                   0  average shared memory size
                   0  average unshared data size
                   0  average unshared stack size
               56775  page reclaims
                1365  page faults
                   0  swaps
                   0  block input operations
                   0  block output operations
                   0  messages sent
                   0  messages received
                   0  signals received
                  51  voluntary context switches
                 865  involuntary context switches
          1565011315  instructions retired
           409042490  cycles elapsed
            14729864  peak memory footprint
