Building for debugging...
[0/3] Write sources
[1/3] Write swift-version--790FFD00C0E38EAB.txt
[3/6] Emitting module Consumer
[4/6] Compiling Consumer Tables.swift
[5/6] Compiling Consumer Queries.swift
[5/7] Write Objects.LinkFileList
[6/7] Archiving libConsumerLibrary.a
Build of product 'ConsumerLibrary' complete! (0.60s)
        1.01 real         0.96 user         0.30 sys
           142966784  maximum resident set size
                   0  average shared memory size
                   0  average unshared data size
                   0  average unshared stack size
               65560  page reclaims
                1375  page faults
                   0  swaps
                   0  block input operations
                   0  block output operations
                   0  messages sent
                   0  messages received
                   0  signals received
                  71  voluntary context switches
                 911  involuntary context switches
          1886075076  instructions retired
           486411941  cycles elapsed
            16892576  peak memory footprint
