Building for debugging...
[0/2] Write swift-version--790FFD00C0E38EAB.txt
Build of product 'ConsumerLibrary' complete! (0.17s)
        0.57 real         0.40 user         0.13 sys
            57376768  maximum resident set size
                   0  average shared memory size
                   0  average unshared data size
                   0  average unshared stack size
               33718  page reclaims
                 804  page faults
                   0  swaps
                   0  block input operations
                   0  block output operations
                   0  messages sent
                   0  messages received
                   0  signals received
                  59  voluntary context switches
                 516  involuntary context switches
          1853277494  instructions retired
           469965412  cycles elapsed
            16597664  peak memory footprint
