Building for debugging...
[0/3] Write sources
[1/3] Write swift-version--790FFD00C0E38EAB.txt
[3/5] Emitting module Consumer
[4/5] Compiling Consumer Queries.swift
[4/6] Write Objects.LinkFileList
[5/6] Archiving libConsumerLibrary.a
Build of product 'ConsumerLibrary' complete! (0.47s)
        0.87 real         0.69 user         0.25 sys
           117112832  maximum resident set size
                   0  average shared memory size
                   0  average unshared data size
                   0  average unshared stack size
               56088  page reclaims
                1220  page faults
                   0  swaps
                   0  block input operations
                   0  block output operations
                   0  messages sent
                   0  messages received
                   0  signals received
                  76  voluntary context switches
                 754  involuntary context switches
          1877133676  instructions retired
           476135528  cycles elapsed
            16876192  peak memory footprint
