Building for debugging...
[0/2] Write swift-version--790FFD00C0E38EAB.txt
Build of product 'ConsumerLibrary' complete! (0.17s)
        0.58 real         0.40 user         0.14 sys
            57327616  maximum resident set size
                   0  average shared memory size
                   0  average unshared data size
                   0  average unshared stack size
               33705  page reclaims
                 804  page faults
                   0  swaps
                   0  block input operations
                   0  block output operations
                   0  messages sent
                   0  messages received
                   0  signals received
                  58  voluntary context switches
                 515  involuntary context switches
          1853337957  instructions retired
           475889978  cycles elapsed
            16581280  peak memory footprint
