Building for debugging...
[0/3] Write sources
[1/3] Write swift-version--790FFD00C0E38EAB.txt
[3/6] Compiling Consumer Queries.swift
[4/6] Emitting module Consumer
[5/6] Compiling Consumer Tables.swift
Build of product 'ConsumerLibrary' complete! (0.52s)
        0.96 real         0.79 user         0.33 sys
           120979456  maximum resident set size
                   0  average shared memory size
                   0  average unshared data size
                   0  average unshared stack size
               60148  page reclaims
                1336  page faults
                   0  swaps
                   0  block input operations
                   0  block output operations
                   0  messages sent
                   0  messages received
                   0  signals received
                 841  voluntary context switches
                1835  involuntary context switches
          1885104830  instructions retired
           498307450  cycles elapsed
            16646816  peak memory footprint
