Building for debugging...
[0/2] Write swift-version--790FFD00C0E38EAB.txt
Build of product 'ConsumerLibrary' complete! (0.17s)
        0.57 real         0.40 user         0.13 sys
            57524224  maximum resident set size
                   0  average shared memory size
                   0  average unshared data size
                   0  average unshared stack size
               33722  page reclaims
                 804  page faults
                   0  swaps
                   0  block input operations
                   0  block output operations
                   0  messages sent
                   0  messages received
                   0  signals received
                  56  voluntary context switches
                 523  involuntary context switches
          1854251728  instructions retired
           479534261  cycles elapsed
            16695992  peak memory footprint
