Building for debugging...
[0/4] Write swift-version--790FFD00C0E38EAB.txt
[1/3] Enlighten schema database in Consumer
[2/4] Write sources
[4/6] Compiling Consumer schema.swift
[5/6] Emitting module Consumer
Build of product 'ConsumerLibrary' complete! (3.35s)
        3.74 real         5.95 user         0.28 sys
           262209536  maximum resident set size
                   0  average shared memory size
                   0  average unshared data size
                   0  average unshared stack size
               69929  page reclaims
                1194  page faults
                   0  swaps
                   0  block input operations
                   0  block output operations
                   0  messages sent
                   0  messages received
                   0  signals received
                  70  voluntary context switches
                 844  involuntary context switches
          1889726363  instructions retired
           484908210  cycles elapsed
            17236640  peak memory footprint
