[0/3] Write swift-version--790FFD00C0E38EAB.txt
[0/1] Planning build
Building for debugging...
[0/4] Write swift-version--790FFD00C0E38EAB.txt
[1/3] Enlighten schema database in Consumer
[2/4] Write sources
[4/6] Emitting module Consumer
[5/6] Compiling Consumer schema.swift
Build of product 'ConsumerLibrary' complete! (1.06s)
        1.47 real         1.43 user         0.31 sys
           150388736  maximum resident set size
                   0  average shared memory size
                   0  average unshared data size
                   0  average unshared stack size
               65482  page reclaims
                1394  page faults
                   0  swaps
                   0  block input operations
                   0  block output operations
                   0  messages sent
                   0  messages received
                   0  signals received
                 950  voluntary context switches
                1451  involuntary context switches
          3021477484  instructions retired
           730549517  cycles elapsed
            19006112  peak memory footprint
