Building for debugging...
[0/3] Write sources
[1/3] Write swift-version--790FFD00C0E38EAB.txt
[3/6] Compiling Consumer Tables.swift
[4/6] Compiling Consumer Queries.swift
[5/6] Emitting module Consumer
Build of product 'ConsumerLibrary' complete! (0.46s)
        0.88 real         0.68 user         0.29 sys
           113803264  maximum resident set size
                   0  average shared memory size
                   0  average unshared data size
                   0  average unshared stack size
               57058  page reclaims
                1335  page faults
                   0  swaps
                   0  block input operations
                   0  block output operations
                   0  messages sent
                   0  messages received
                   0  signals received
                 828  voluntary context switches
                1908  involuntary context switches
          1750913011  instructions retired
           456727981  cycles elapsed
            15631032  peak memory footprint
