Building for debugging...
[0/3] Write sources
[1/3] Write swift-version--790FFD00C0E38EAB.txt
[3/6] Emitting module Consumer
[4/6] Compiling Consumer Tables.swift
[5/6] Compiling Consumer Queries.swift
[5/7] Write Objects.LinkFileList
[6/7] Archiving libConsumerLibrary.a
Build of product 'ConsumerLibrary' complete! (0.39s)
        0.79 real         0.72 user         0.27 sys
           112787456  maximum resident set size
                   0  average shared memory size
                   0  average unshared data size
                   0  average unshared stack size
               59620  page reclaims
                1374  page faults
                   0  swaps
                   0  block input operations
                   0  block output operations
                   0  messages sent
                   0  messages received
                   0  signals received
                  64  voluntary context switches
                 864  involuntary context switches
          1746836675  instructions retired
           450982805  cycles elapsed
            15614624  peak memory footprint
