Building for debugging...
[0/2] Write swift-version--790FFD00C0E38EAB.txt
Build of product 'ConsumerLibrary' complete! (0.15s)
        0.56 real         0.39 user         0.13 sys
            56688640  maximum resident set size
                   0  average shared memory size
                   0  average unshared data size
                   0  average unshared stack size
               33653  page reclaims
                 803  page faults
                   0  swaps
                   0  block input operations
                   0  block output operations
                   0  messages sent
                   0  messages received
                   0  signals received
                  52  voluntary context switches
                 517  involuntary context switches
          1717292472  instructions retired
           447953306  cycles elapsed
            15860408  peak memory footprint
