Building for debugging...
[0/2] Write swift-version--790FFD00C0E38EAB.txt
Build of product 'ConsumerLibrary' complete! (0.15s)
        0.56 real         0.39 user         0.13 sys
            56328192  maximum resident set size
                   0  average shared memory size
                   0  average unshared data size
                   0  average unshared stack size
               33621  page reclaims
                 803  page faults
                   0  swaps
                   0  block input operations
                   0  block output operations
                   0  messages sent
                   0  messages received
                   0  signals received
                  55  voluntary context switches
                 502  involuntary context switches
          1715910854  instructions retired
           442050679  cycles elapsed
            15467192  peak memory footprint
