Building for debugging...
[0/2] Write swift-version--790FFD00C0E38EAB.txt
Build of product 'ConsumerLibrary' complete! (0.23s)
        0.81 real         0.57 user         0.19 sys
            56229888  maximum resident set size
                   0  average shared memory size
                   0  average unshared data size
                   0  average unshared stack size
               33612  page reclaims
                 803  page faults
                   0  swaps
                   0  block input operations
                   0  block output operations
                   0  messages sent
                   0  messages received
                   0  signals received
                  57  voluntary context switches
                 512  involuntary context switches
          1716694426  instructions retired
           448740445  cycles elapsed
            15401632  peak memory footprint
