Building for debugging...
[0/2] Write swift-version--790FFD00C0E38EAB.txt
Build of product 'ConsumerLibrary' complete! (0.16s)
        0.57 real         0.39 user         0.14 sys
            56246272  maximum resident set size
                   0  average shared memory size
                   0  average unshared data size
                   0  average unshared stack size
               33618  page reclaims
                 803  page faults
                   0  swaps
                   0  block input operations
                   0  block output operations
                   0  messages sent
                   0  messages received
                   0  signals received
                  61  voluntary context switches
                 608  involuntary context switches
          1718012717  instructions retired
           445995898  cycles elapsed
            15352456  peak memory footprint
