Building for debugging...
[0/3] Write sources
[1/3] Write swift-version--790FFD00C0E38EAB.txt
[3/6] Compiling Consumer Queries.swift
[4/6] Compiling Consumer Tables.swift
[5/6] Emitting module Consumer
[5/7] Write Objects.LinkFileList
[6/7] Archiving libConsumerLibrary.a
Build of product 'ConsumerLibrary' complete! (0.39s)
        0.79 real         0.72 user         0.27 sys
           112984064  maximum resident set size
                   0  average shared memory size
                   0  average unshared data size
                   0  average unshared stack size
               59630  page reclaims
                1374  page faults
                   0  swaps
                   0  block input operations
                   0  block output operations
                   0  messages sent
                   0  messages received
                   0  signals received
                  63  voluntary context switches
                 854  involuntary context switches
          1747141848  instructions retired
           455006563  cycles elapsed
            15565472  peak memory footprint
