[0/1] Planning build
Building for debugging...
[0/3] Write sources
[1/3] Write swift-version--790FFD00C0E38EAB.txt
[3/6] Compiling Consumer Tables.swift
[4/6] Compiling Consumer Queries.swift
[5/6] Emitting module Consumer
Build of product 'ConsumerLibrary' complete! (0.38s)
        0.78 real         0.66 user         0.27 sys
           112803840  maximum resident set size
                   0  average shared memory size
                   0  average unshared data size
                   0  average unshared stack size
               57028  page reclaims
                1342  page faults
                   0  swaps
                   0  block input operations
                   0  block output operations
                   0  messages sent
                   0  messages received
                   0  signals received
                  75  voluntary context switches
                 832  involuntary context switches
          1967893705  instructions retired
           497464914  cycles elapsed
            15794848  peak memory footprint
