Building for debugging...
[0/4] Write sources
[1/4] Write swift-version--790FFD00C0E38EAB.txt
[3/6] Compiling Consumer Tables.swift
[4/6] Emitting module Consumer
[5/6] Compiling Consumer Queries.swift
[5/7] Write Objects.LinkFileList
[6/7] Archiving libConsumerLibrary.a
Build of product 'ConsumerLibrary' complete! (1.33s)
        1.74 real         2.99 user         0.38 sys
           137756672  maximum resident set size
                   0  average shared memory size
                   0  average unshared data size
                   0  average unshared stack size
               79442  page reclaims
                1432  page faults
                   0  swaps
                   0  block input operations
                   0  block output operations
                   6  messages sent
                   0  messages received
                   0  signals received
                 178  voluntary context switches
                1364  involuntary context switches
          2790180054  instructions retired
           705016369  cycles elapsed
            28328680  peak memory footprint
