Building for debugging...
[0/4] Write sources
[1/4] Write swift-version--790FFD00C0E38EAB.txt
[3/6] Emitting module Consumer
[4/6] Compiling Consumer Tables.swift
[5/6] Compiling Consumer Queries.swift
Build of product 'ConsumerLibrary' complete! (9.83s)
      912.21 real        17.66 user         0.49 sys
           261160960  maximum resident set size
                   0  average shared memory size
                   0  average unshared data size
                   0  average unshared stack size
               83842  page reclaims
                1393  page faults
                   0  swaps
                   0  block input operations
                   0  block output operations
                   6  messages sent
                   0  messages received
                   0  signals received
                 376  voluntary context switches
                3918  involuntary context switches
          2779391275  instructions retired
           704933221  cycles elapsed
            28295888  peak memory footprint
