Building for debugging...
[0/4] Write sources
[1/4] Write swift-version--790FFD00C0E38EAB.txt
[3/6] Compiling Consumer Tables.swift
[4/6] Emitting module Consumer
[5/6] Compiling Consumer Queries.swift
[5/7] Write Objects.LinkFileList
[6/7] Archiving libConsumerLibrary.a
Build of product 'ConsumerLibrary' complete! (1.72s)
        2.12 real         3.63 user         0.39 sys
           138051584  maximum resident set size
                   0  average shared memory size
                   0  average unshared data size
                   0  average unshared stack size
               80010  page reclaims
                1432  page faults
                   0  swaps
                   0  block input operations
                   0  block output operations
                   6  messages sent
                   0  messages received
                   0  signals received
                 174  voluntary context switches
                1465  involuntary context switches
          2789415324  instructions retired
           706978253  cycles elapsed
            27968160  peak memory footprint
