Building for debugging...
[0/2] Write swift-version--790FFD00C0E38EAB.txt
Build of product 'ConsumerLibrary' complete! (0.31s)
        0.90 real         0.68 user         0.25 sys
            68780032  maximum resident set size
                   0  average shared memory size
                   0  average unshared data size
                   0  average unshared stack size
               39773  page reclaims
                 849  page faults
                   0  swaps
                   0  block input operations
                   0  block output operations
                   0  messages sent
                   0  messages received
                   0  signals received
                  83  voluntary context switches
                 795  involuntary context switches
          2753444577  instructions retired
           689028763  cycles elapsed
            27820752  peak memory footprint
