Building for debugging...
[0/2] Write swift-version--790FFD00C0E38EAB.txt
Build of product 'ConsumerLibrary' complete! (0.35s)
        0.95 real         0.72 user         0.27 sys
            68911104  maximum resident set size
                   0  average shared memory size
                   0  average unshared data size
                   0  average unshared stack size
               39778  page reclaims
                 849  page faults
                   0  swaps
                   0  block input operations
                   0  block output operations
                   0  messages sent
                   0  messages received
                   0  signals received
                  83  voluntary context switches
                 819  involuntary context switches
          2757015987  instructions retired
           704693081  cycles elapsed
            27984568  peak memory footprint
