Building for debugging...
[0/4] Write sources
[1/4] Write swift-version--790FFD00C0E38EAB.txt
[3/6] Compiling Consumer Queries.swift
[4/6] Compiling Consumer Tables.swift
[5/6] Emitting module Consumer
Build of product 'ConsumerLibrary' complete! (1.63s)
        2.03 real         3.56 user         0.36 sys
           137347072  maximum resident set size
                   0  average shared memory size
                   0  average unshared data size
                   0  average unshared stack size
               73617  page reclaims
                1393  page faults
                   0  swaps
                   0  block input operations
                   0  block output operations
                   6  messages sent
                   0  messages received
                   0  signals received
                 174  voluntary context switches
                1239  involuntary context switches
          2777721834  instructions retired
           699133972  cycles elapsed
            28033744  peak memory footprint
