Building for debugging...
[0/2] Write swift-version--790FFD00C0E38EAB.txt
Build of product 'ConsumerLibrary' complete! (0.44s)
        1.15 real         0.80 user         0.35 sys
            69976064  maximum resident set size
                   0  average shared memory size
                   0  average unshared data size
                   0  average unshared stack size
               39828  page reclaims
                 849  page faults
                   0  swaps
                   0  block input operations
                   0  block output operations
                   0  messages sent
                   0  messages received
                   0  signals received
                 508  voluntary context switches
                1382  involuntary context switches
          2770121207  instructions retired
          1086300033  cycles elapsed
            29049552  peak memory footprint
