Building for debugging...
[0/4] Write sources
[1/4] Write swift-version--790FFD00C0E38EAB.txt
[3/6] Compiling Consumer Queries.swift
[4/6] Emitting module Consumer
[5/6] Compiling Consumer Tables.swift
[5/7] Write Objects.LinkFileList
[6/7] Archiving libConsumerLibrary.a
Build of product 'ConsumerLibrary' complete! (9.56s)
      911.65 real        17.99 user         0.52 sys
           261914624  maximum resident set size
                   0  average shared memory size
                   0  average unshared data size
                   0  average unshared stack size
               90593  page reclaims
                1432  page faults
                   0  swaps
                   0  block input operations
                   0  block output operations
                   6  messages sent
                   0  messages received
                   0  signals received
                 218  voluntary context switches
                1871  involuntary context switches
          2788531997  instructions retired
           704924526  cycles elapsed
            27886288  peak memory footprint
