Building for debugging...
[0/2] Write swift-version--790FFD00C0E38EAB.txt
Build of product 'ConsumerLibrary' complete! (0.24s)
        0.64 real         0.49 user         0.18 sys
            68616192  maximum resident set size
                   0  average shared memory size
                   0  average unshared data size
                   0  average unshared stack size
               39741  page reclaims
                 849  page faults
                   0  swaps
                   0  block input operations
                   0  block output operations
                   0  messages sent
                   0  messages received
                   0  signals received
                  82  voluntary context switches
                 837  involuntary context switches
          2753072404  instructions retired
           686370354  cycles elapsed
            27706064  peak memory footprint
