Building for debugging...
[0/4] Write sources
[1/4] Write swift-version--790FFD00C0E38EAB.txt
[3/5] Emitting module Consumer
[4/5] Compiling Consumer Queries.swift
[4/6] Write Objects.LinkFileList
[5/6] Archiving libConsumerLibrary.a
Build of product 'ConsumerLibrary' complete! (1.70s)
        2.10 real         2.75 user         0.32 sys
           133709824  maximum resident set size
                   0  average shared memory size
                   0  average unshared data size
                   0  average unshared stack size
               69557  page reclaims
                1273  page faults
                   0  swaps
                   0  block input operations
                   0  block output operations
                   4  messages sent
                   0  messages received
                   0  signals received
                 159  voluntary context switches
                1139  involuntary context switches
          2770771316  instructions retired
           695374973  cycles elapsed
            28017336  peak memory footprint
